\BOOKMARK [1][-]{section.1}{\376\377\137\025\212\000}{}% 1
\BOOKMARK [1][-]{section.2}{\376\377\200\314\146\157}{}% 2
\BOOKMARK [2][-]{subsection.2.1}{\376\377\127\372\116\216\000\040\000E\000V\000M\000\040\166\204\123\072\127\127\224\376\116\055\166\204\146\172\200\375\124\010\176\246\116\213\116\366\116\016\116\244\146\023\145\345\137\327}{section.2}% 3
\BOOKMARK [2][-]{subsection.2.2}{\376\377\116\343\136\001}{section.2}% 4
\BOOKMARK [2][-]{subsection.2.3}{\376\377\215\350\224\376\150\145}{section.2}% 5
\BOOKMARK [1][-]{section.3}{\376\377\132\001\200\301\152\041\127\213\116\016\122\250\147\072\171\072\117\213}{}% 6
\BOOKMARK [2][-]{subsection.3.1}{\376\377\116\213\116\366\116\244\116\222\116\055\166\204\117\341\116\373\217\271\165\114}{section.3}% 7
\BOOKMARK [2][-]{subsection.3.2}{\376\377\132\001\200\301\152\041\127\213}{section.3}% 8
\BOOKMARK [2][-]{subsection.3.3}{\376\377\122\250\147\072\171\072\117\213}{section.3}% 9
\BOOKMARK [1][-]{section.4}{\376\377\145\073\121\373\122\006\174\173\116\016\122\006\147\220}{}% 10
\BOOKMARK [2][-]{subsection.4.1}{\376\377\145\073\121\373\124\021\221\317\116\016\150\300\155\113\211\304\122\031}{section.4}% 11
\BOOKMARK [3][-]{figure.caption.5}{\376\377\116\213\116\366\116\377\121\222}{subsection.4.1}% 12
\BOOKMARK [3][-]{figure.caption.6}{\376\377\116\015\116\000\201\364\145\345\137\327\213\260\137\125}{subsection.4.1}% 13
\BOOKMARK [3][-]{subsubsection.4.1.3}{\376\377\124\010\176\246\116\377\121\222}{subsection.4.1}% 14
\BOOKMARK [3][-]{subsubsection.4.1.4}{\376\377\217\154\215\046\116\213\116\366\153\072\232\227}{subsection.4.1}% 15
\BOOKMARK [3][-]{subsubsection.4.1.5}{\376\377\116\213\116\366\131\004\164\006\225\031\213\357}{subsection.4.1}% 16
\BOOKMARK [1][-]{section.5}{\376\377\157\017\155\036\150\300\155\113}{}% 17
\BOOKMARK [2][-]{subsection.5.1}{\376\377\000P\000E\000v\000e\000n\000t\000C\000a\000t\000c\000h\000e\000r\000\040\150\106\147\266\213\276\213\241}{section.5}% 18
\BOOKMARK [2][-]{subsection.5.2}{\376\377\116\244\146\023\176\247\150\300\155\113}{section.5}% 19
\BOOKMARK [2][-]{subsection.5.3}{\376\377\146\172\200\375\124\010\176\246\176\247\150\300\155\113}{section.5}% 20
\BOOKMARK [3][-]{subsubsection.5.3.1}{\376\377\220\032\217\307\217\307\172\013\225\364\124\016\124\021\154\141\160\271\217\375\216\052\213\306\122\053\136\173\137\161\116\213\116\366}{subsection.5.3}% 21
\BOOKMARK [3][-]{subsubsection.5.3.2}{\376\377\156\220\116\343\170\001\176\247\116\213\116\366\123\302\145\160\176\246\147\137\232\214\213\301}{subsection.5.3}% 22
\BOOKMARK [1][-]{section.6}{\376\377\133\236\163\260\116\016\133\236\232\214}{}% 23
\BOOKMARK [2][-]{subsection.6.1}{\376\377\136\173\137\161\116\213\116\366\166\204\146\156\220\115\140\047\377\010\000R\000Q\0001\377\011}{section.6}% 24
\BOOKMARK [3][-]{subsubsection.6.1.1}{\376\377\145\271\154\325}{subsection.6.1}% 25
\BOOKMARK [3][-]{subsubsection.6.1.2}{\376\377\176\323\147\234}{subsection.6.1}% 26
\BOOKMARK [2][-]{subsection.6.2}{\376\377\116\316\116\343\170\001\116\055\150\300\155\113\136\173\137\161\116\213\116\366\377\010\000R\000Q\0002\377\011}{section.6}% 27
\BOOKMARK [3][-]{subsubsection.6.2.1}{\376\377\145\160\143\156\226\306}{subsection.6.2}% 28
\BOOKMARK [3][-]{table.caption.11}{\376\377\176\323\147\234}{subsection.6.2}% 29
\BOOKMARK [3][-]{subsubsection.6.2.3}{\376\377\134\100\226\120\140\047}{subsection.6.2}% 30
\BOOKMARK [2][-]{subsection.6.3}{\376\377\167\037\133\236\116\026\165\114\145\073\121\373\123\357\210\114\140\047\377\010\000R\000Q\0003\377\011}{section.6}% 31
\BOOKMARK [3][-]{subsubsection.6.3.1}{\376\377\145\271\154\325}{subsection.6.3}% 32
\BOOKMARK [3][-]{subsubsection.6.3.2}{\376\377\176\323\147\234}{subsection.6.3}% 33
\BOOKMARK [2][-]{subsection.6.4}{\376\377\147\011\145\110\140\047\132\001\200\301}{section.6}% 34
\BOOKMARK [1][-]{section.7}{\376\377\166\370\121\163\135\345\117\134}{}% 35
\BOOKMARK [2][-]{subsection.7.1}{\376\377\146\172\200\375\124\010\176\246\133\211\121\150\122\006\147\220}{section.7}% 36
\BOOKMARK [2][-]{subsection.7.2}{\376\377\146\172\200\375\124\010\176\246\116\213\116\366}{section.7}% 37
\BOOKMARK [1][-]{section.8}{\376\377\177\023\211\343\173\126\165\145}{}% 38
\BOOKMARK [1][-]{section.9}{\376\377\176\323\213\272}{}% 39
\BOOKMARK [1][-]{section*.12}{\376\377\123\302\200\003\145\207\163\056}{}% 40
\BOOKMARK [1][-]{section*.13}{\376\377\226\104\137\125\000\040\000A\000:\000\040\167\037\133\236\116\026\165\114\145\073\121\373\171\072\117\213}{}% 41
\BOOKMARK [2][-]{subsection.Appendix.A.1}{\376\377\147\054\145\207\122\006\174\173\116\055\116\224\174\173\145\073\121\373\124\021\221\317\166\204\171\072\117\213}{section*.13}% 42
\BOOKMARK [2][-]{subsection.Appendix.A.2}{\376\377\116\015\116\000\201\364\145\345\137\327\213\260\137\125\116\016\124\010\176\246\116\377\121\222\150\106\147\266}{section*.13}% 43
\BOOKMARK [2][-]{subsection.Appendix.A.3}{\376\377\217\154\215\046\116\213\116\366\153\072\232\227\150\110\117\213}{section*.13}% 44
